general       n=20000, positive 2155, cases disk 131, empty 17845, lens 1049, quadrilateral 47, triangle 928  [8 s]
    stable         n= 2155  max rel 1.9e-13  max err/(kappa u) 1.06e+00  median 1.41e-01
    generic        n= 2155  max rel 1.7e-13  max err/(kappa u) 9.80e-01  median 1.43e-01
    vector         n= 2155  max rel 2.0e-09  max err/(kappa u) 7.34e+02  median 2.62e-01
    fewell         n=  928  max rel 1.5e-13  max err/(kappa u) 2.96e+01  median 2.68e-01
    fewell_eq16    n=  928  max rel 3.8e-01  max err/(kappa u) 7.66e+14  median 2.75e-01
    lens_textbook  n= 1049  max rel 2.0e-09  max err/(kappa u) 7.34e+02  median 7.66e-01
similar       n=5000, positive 4995, cases disk 9, empty 5, lens 1437, quadrilateral 187, triangle 3362  [30 s]
    stable         n= 4995  max rel 1.4e-14  max err/(kappa u) 2.00e+00  median 2.31e-01
    generic        n= 4995  max rel 1.4e-14  max err/(kappa u) 2.00e+00  median 2.31e-01
    vector         n= 4995  max rel 2.2e-13  max err/(kappa u) 5.75e+00  median 2.31e-01
    fewell         n= 3362  max rel 4.0e-14  max err/(kappa u) 1.33e+02  median 5.81e-01
    fewell_eq16    n= 3362  max rel 2.2e-01  max err/(kappa u) 7.93e+14  median 5.85e-01
    lens_textbook  n= 1437  max rel 4.2e-13  max err/(kappa u) 9.02e+00  median 3.26e-01
hierarchical  n=5000, positive 4418, cases disk 2143, empty 582, lens 2073, quadrilateral 30, triangle 172  [34 s]
    stable         n= 4418  max rel 1.5e-12  max err/(kappa u) 1.27e+00  median 2.07e-02
    generic        n= 4418  max rel 1.5e-12  max err/(kappa u) 9.99e-01  median 1.98e-02
    vector         n= 4418  max rel 2.1e-07  max err/(kappa u) 9.13e+04  median 2.18e-01
    fewell         n=  172  max rel 3.4e-12  max err/(kappa u) 2.13e+02  median 1.39e+00
    fewell_eq16    n=  172  max rel 6.6e-01  max err/(kappa u) 2.53e+14  median 1.55e+00
    lens_textbook  n= 2073  max rel 2.1e-07  max err/(kappa u) 9.13e+04  median 5.24e-01
corner        n=5000, positive 5000, cases triangle 5000  [60 s]
    stable         n= 5000  max rel 9.9e-09  max err/(kappa u) 9.77e-01  median 1.26e-01
    generic        n= 5000  max rel 9.9e-09  max err/(kappa u) 9.77e-01  median 1.25e-01
    vector         n= 5000  max rel 2.3e-02  max err/(kappa u) 1.11e+06  median 4.09e+00
    fewell         n= 5000  max rel 1.2e-08  max err/(kappa u) 1.39e+00  median 1.76e-01
    fewell_eq16    n= 5000  max rel 1.2e-08  max err/(kappa u) 1.39e+00  median 1.76e-01
sliver        n=5000, positive 5000, cases lens 5000  [66 s]
    stable         n= 5000  max rel 1.5e-06  max err/(kappa u) 8.94e-01  median 1.55e-01
    generic        n= 5000  max rel 1.5e-06  max err/(kappa u) 8.94e-01  median 1.55e-01
    vector         n= 5000  max rel 3.6e+06  max err/(kappa u) 1.26e+12  median 3.28e+06
    lens_textbook  n= 5000  max rel 1.4e+11  max err/(kappa u) 7.77e+16  median 3.21e+06
